#-----------------------------------------------------------
# Vivado v2017.3 (64-bit)
# SW Build 2018833 on Wed Oct  4 19:58:07 MDT 2017
# IP Build 2016188 on Wed Oct  4 21:52:56 MDT 2017
# Start of session at: Tue Apr 17 14:11:09 2018
# Process ID: 9549
# Current directory: /home/martin.perman/workspace/audio-mixer-project/vivado/2017.3
# Command line: vivado
# Log file: /home/martin.perman/workspace/audio-mixer-project/vivado/2017.3/vivado.log
# Journal file: /home/martin.perman/workspace/audio-mixer-project/vivado/2017.3/vivado.jou
#-----------------------------------------------------------
start_gui
open_project /home/martin.perman/workspace/audio-mixer-project/vivado/2017.3/project.xpr
update_compile_order -fileset sources_1
update_files -from_files /home/martin.perman/workspace/audio-mixer-project/ip-repo/zedboard_audio/constraints/zed_audio.xdc -to_files /home/martin.perman/workspace/audio-mixer-project/vivado/ip_repo/zedboard_audio/constraints/zed_audio.xdc -filesets [get_filesets *]
open_bd_design {/home/martin.perman/workspace/audio-mixer-project/vivado/2017.3/project.srcs/sources_1/bd/project_design/project_design.bd}
