#-----------------------------------------------------------
# Vivado v2017.3 (64-bit)
# SW Build 2018833 on Wed Oct  4 19:58:07 MDT 2017
# IP Build 2016188 on Wed Oct  4 21:52:56 MDT 2017
# Start of session at: Tue May  8 11:29:46 2018
# Process ID: 3146
# Current directory: /home/martin.perman/workspace/audio-mixer-project/vivado
# Command line: vivado
# Log file: /home/martin.perman/workspace/audio-mixer-project/vivado/vivado.log
# Journal file: /home/martin.perman/workspace/audio-mixer-project/vivado/vivado.jou
#-----------------------------------------------------------
start_gui
open_project /home/martin.perman/workspace/audio-mixer-project/vivado/audio-mixer-project.xpr
update_compile_order -fileset sources_1
reset_run synth_1
launch_runs impl_1 -to_step write_bitstream -jobs 4
wait_on_run impl_1
file copy -force /home/martin.perman/workspace/audio-mixer-project/vivado/audio-mixer-project.runs/impl_1/audio_mixer_project_wrapper.sysdef /home/martin.perman/workspace/audio-mixer-project/vivado/audio-mixer-project.sdk/audio_mixer_project_wrapper.hdf

launch_sdk -workspace /home/martin.perman/workspace/audio-mixer-project/vivado/audio-mixer-project.sdk -hwspec /home/martin.perman/workspace/audio-mixer-project/vivado/audio-mixer-project.sdk/audio_mixer_project_wrapper.hdf
