#-----------------------------------------------------------
# Vivado v2017.3 (64-bit)
# SW Build 2018833 on Wed Oct  4 19:58:07 MDT 2017
# IP Build 2016188 on Wed Oct  4 21:52:56 MDT 2017
# Start of session at: Tue Apr 24 18:08:57 2018
# Process ID: 2994
# Current directory: /home/martin.perman/workspace/audio-mixer-project/vivado
# Command line: vivado
# Log file: /home/martin.perman/workspace/audio-mixer-project/vivado/vivado.log
# Journal file: /home/martin.perman/workspace/audio-mixer-project/vivado/vivado.jou
#-----------------------------------------------------------
start_gui
open_project /home/martin.perman/workspace/audio-mixer-project/vivado/audio-mixer-project.xpr
update_compile_order -fileset sources_1
open_bd_design {/home/martin.perman/workspace/audio-mixer-project/vivado/audio-mixer-project.srcs/sources_1/bd/audio_mixer_project/audio_mixer_project.bd}
regenerate_bd_layout
startgroup
make_bd_pins_external  [get_bd_pins ZedboardOLED_0/VDD] [get_bd_pins ZedboardOLED_0/RES] [get_bd_pins ZedboardOLED_0/VBAT] [get_bd_pins ZedboardOLED_0/DC] [get_bd_pins ZedboardOLED_0/SCLK] [get_bd_pins ZedboardOLED_0/SDIN]
endgroup
make_wrapper -files [get_files /home/martin.perman/workspace/audio-mixer-project/vivado/audio-mixer-project.srcs/sources_1/bd/audio_mixer_project/audio_mixer_project.bd] -top
add_files -norecurse /home/martin.perman/workspace/audio-mixer-project/vivado/audio-mixer-project.srcs/sources_1/bd/audio_mixer_project/hdl/audio_mixer_project_wrapper.vhd
save_bd_design
